// Jest Snapshot v1, https://goo.gl/fbAQLP

exports[`<Answer /> should to render 1`] = `
.c7 {
  width: auto;
}

.c9 {
  background: #F9F9F9;
  color: #46006b;
  font-size: 1.3rem;
  width: 3rem;
  height: 3rem;
  margin: 0.5rem;
  border-radius: 0.5rem;
  border: none;
  box-shadow: 5px 0px 9px 0px #341687,-9px 0px 17px -3px #341687;
}

.c5 {
  display: -webkit-box;
  display: -webkit-flex;
  display: -ms-flexbox;
  display: flex;
  -webkit-flex-direction: column;
  -ms-flex-direction: column;
  flex-direction: column;
  -webkit-align-items: center;
  -webkit-box-align: center;
  -ms-flex-align: center;
  align-items: center;
}

.c6 {
  background: #ccf8ea;
  color: #46006b;
  margin: 1rem 0;
  display: -webkit-box;
  display: -webkit-flex;
  display: -ms-flexbox;
  display: flex;
  -webkit-box-pack: center;
  -webkit-justify-content: center;
  -ms-flex-pack: center;
  justify-content: center;
  -webkit-align-items: center;
  -webkit-box-align: center;
  -ms-flex-align: center;
  align-items: center;
  height: 10rem;
  border-radius: 0.5rem;
  box-shadow: 5px 0px 9px 0px #341687,-9px 0px 17px -3px #341687;
  min-width: 9rem;
  width: 47rem;
  font-size: 2rem;
}

.c8 {
  display: grid;
  grid-template-columns: 1fr 1fr 1fr;
  grid-template-rows: 1fr 1fr 1fr 1fr;
  width: -webkit-min-content;
  width: -moz-min-content;
  width: min-content;
}

.c2 {
  display: inline-block;
  vertical-align: middle;
  overflow: hidden;
}

.c1 {
  display: -webkit-box;
  display: -webkit-flex;
  display: -ms-flexbox;
  display: flex;
}

.c3 {
  width: 3rem;
  grid-area: header;
}

.c4 {
  grid-area: body;
  padding: 1rem 17rem;
  background: #EDEDED;
  overflow: auto;
}

.c0 {
  display: grid;
  grid-template-columns: 1fr;
  grid-template-rows: 5.3rem 1.8fr;
  gap: 0px 0px;
  grid-template-areas: 'header' 'body';
}

<div>
  <main
    class="c0"
  >
    <header
      class="c1"
    >
      <svg
        aria-hidden="false"
        aria-label="dark mode"
        class="c2 c3"
        fill="currentColor"
        focusable="false"
        role="button"
        type="button"
        viewBox="0 0 24 24"
        xmlns="http://www.w3.org/2000/svg"
      >
        <path
          d="M12 22a10 10 0 1 0 0-20 10 10 0 0 0 0 20zm0-2V4a8 8 0 1 1 0 16z"
        />
      </svg>
    </header>
    <div
      class="c4"
    >
      <div
        class="c5"
      >
        <div
          class="c6"
        >
          <div
            aria-label="operation"
            class="c7"
          >
            <span
              class="katex"
            >
              <span
                aria-hidden="true"
                class="katex-html"
              >
                <span
                  class="base"
                >
                  <span
                    class="strut"
                    style="height:0.72777em;vertical-align:-0.08333em;"
                  />
                  <span
                    class="mord"
                  >
                    10
                  </span>
                  <span
                    class="mspace"
                    style="margin-right:0.2222222222222222em;"
                  />
                  <span
                    class="mbin"
                  >
                    +
                  </span>
                  <span
                    class="mspace"
                    style="margin-right:0.2222222222222222em;"
                  />
                </span>
                <span
                  class="base"
                >
                  <span
                    class="strut"
                    style="height:0.64444em;vertical-align:0em;"
                  />
                  <span
                    class="mord"
                  >
                    10
                  </span>
                  <span
                    class="mspace"
                    style="margin-right:0.2777777777777778em;"
                  />
                  <span
                    class="mrel"
                  >
                    =
                  </span>
                  <span
                    class="mspace"
                    style="margin-right:0.2777777777777778em;"
                  />
                </span>
                <span
                  class="base"
                >
                  <span
                    class="strut"
                    style="height:0.64444em;vertical-align:0em;"
                  />
                  <span
                    class="mord"
                  >
                    20
                  </span>
                </span>
              </span>
            </span>
          </div>
        </div>
        <div
          class="c8"
        >
          <button
            aria-label="7"
            class="c9"
            type="button"
          >
            <div
              class="c7"
            >
              <span
                class="katex"
              >
                <span
                  aria-hidden="true"
                  class="katex-html"
                >
                  <span
                    class="base"
                  >
                    <span
                      class="strut"
                      style="height:0.64444em;vertical-align:0em;"
                    />
                    <span
                      class="mord"
                    >
                      7
                    </span>
                  </span>
                </span>
              </span>
            </div>
          </button>
          <button
            aria-label="8"
            class="c9"
            type="button"
          >
            <div
              class="c7"
            >
              <span
                class="katex"
              >
                <span
                  aria-hidden="true"
                  class="katex-html"
                >
                  <span
                    class="base"
                  >
                    <span
                      class="strut"
                      style="height:0.64444em;vertical-align:0em;"
                    />
                    <span
                      class="mord"
                    >
                      8
                    </span>
                  </span>
                </span>
              </span>
            </div>
          </button>
          <button
            aria-label="9"
            class="c9"
            type="button"
          >
            <div
              class="c7"
            >
              <span
                class="katex"
              >
                <span
                  aria-hidden="true"
                  class="katex-html"
                >
                  <span
                    class="base"
                  >
                    <span
                      class="strut"
                      style="height:0.64444em;vertical-align:0em;"
                    />
                    <span
                      class="mord"
                    >
                      9
                    </span>
                  </span>
                </span>
              </span>
            </div>
          </button>
          <button
            aria-label="4"
            class="c9"
            type="button"
          >
            <div
              class="c7"
            >
              <span
                class="katex"
              >
                <span
                  aria-hidden="true"
                  class="katex-html"
                >
                  <span
                    class="base"
                  >
                    <span
                      class="strut"
                      style="height:0.64444em;vertical-align:0em;"
                    />
                    <span
                      class="mord"
                    >
                      4
                    </span>
                  </span>
                </span>
              </span>
            </div>
          </button>
          <button
            aria-label="5"
            class="c9"
            type="button"
          >
            <div
              class="c7"
            >
              <span
                class="katex"
              >
                <span
                  aria-hidden="true"
                  class="katex-html"
                >
                  <span
                    class="base"
                  >
                    <span
                      class="strut"
                      style="height:0.64444em;vertical-align:0em;"
                    />
                    <span
                      class="mord"
                    >
                      5
                    </span>
                  </span>
                </span>
              </span>
            </div>
          </button>
          <button
            aria-label="6"
            class="c9"
            type="button"
          >
            <div
              class="c7"
            >
              <span
                class="katex"
              >
                <span
                  aria-hidden="true"
                  class="katex-html"
                >
                  <span
                    class="base"
                  >
                    <span
                      class="strut"
                      style="height:0.64444em;vertical-align:0em;"
                    />
                    <span
                      class="mord"
                    >
                      6
                    </span>
                  </span>
                </span>
              </span>
            </div>
          </button>
          <button
            aria-label="1"
            class="c9"
            type="button"
          >
            <div
              class="c7"
            >
              <span
                class="katex"
              >
                <span
                  aria-hidden="true"
                  class="katex-html"
                >
                  <span
                    class="base"
                  >
                    <span
                      class="strut"
                      style="height:0.64444em;vertical-align:0em;"
                    />
                    <span
                      class="mord"
                    >
                      1
                    </span>
                  </span>
                </span>
              </span>
            </div>
          </button>
          <button
            aria-label="2"
            class="c9"
            type="button"
          >
            <div
              class="c7"
            >
              <span
                class="katex"
              >
                <span
                  aria-hidden="true"
                  class="katex-html"
                >
                  <span
                    class="base"
                  >
                    <span
                      class="strut"
                      style="height:0.64444em;vertical-align:0em;"
                    />
                    <span
                      class="mord"
                    >
                      2
                    </span>
                  </span>
                </span>
              </span>
            </div>
          </button>
          <button
            aria-label="3"
            class="c9"
            type="button"
          >
            <div
              class="c7"
            >
              <span
                class="katex"
              >
                <span
                  aria-hidden="true"
                  class="katex-html"
                >
                  <span
                    class="base"
                  >
                    <span
                      class="strut"
                      style="height:0.64444em;vertical-align:0em;"
                    />
                    <span
                      class="mord"
                    >
                      3
                    </span>
                  </span>
                </span>
              </span>
            </div>
          </button>
          <button
            aria-label="0"
            class="c9"
            type="button"
          >
            <div
              class="c7"
            >
              <span
                class="katex"
              >
                <span
                  aria-hidden="true"
                  class="katex-html"
                >
                  <span
                    class="base"
                  >
                    <span
                      class="strut"
                      style="height:0.64444em;vertical-align:0em;"
                    />
                    <span
                      class="mord"
                    >
                      0
                    </span>
                  </span>
                </span>
              </span>
            </div>
          </button>
          <button
            aria-label=","
            class="c9"
            type="button"
          >
            <div
              class="c7"
            >
              <span
                class="katex"
              >
                <span
                  aria-hidden="true"
                  class="katex-html"
                >
                  <span
                    class="base"
                  >
                    <span
                      class="strut"
                      style="height:0.3em;vertical-align:-0.19444em;"
                    />
                    <span
                      class="mpunct"
                    >
                      ,
                    </span>
                  </span>
                </span>
              </span>
            </div>
          </button>
          <button
            aria-label="c"
            class="c9"
            type="button"
          >
            <div
              class="c7"
            >
              <span
                class="katex"
              >
                <span
                  aria-hidden="true"
                  class="katex-html"
                >
                  <span
                    class="base"
                  >
                    <span
                      class="strut"
                      style="height:0.68333em;vertical-align:0em;"
                    />
                    <span
                      class="mord mathnormal"
                      style="margin-right:0.07153em;"
                    >
                      C
                    </span>
                  </span>
                </span>
              </span>
            </div>
          </button>
        </div>
      </div>
    </div>
  </main>
</div>
`;
