// Jest Snapshot v1, https://goo.gl/fbAQLP

exports[`<Answer /> should to render 1`] = `
.c6 {
  width: auto;
}

.c8 {
  background: #F9F9F9;
  color: #46006B;
  font-size: 1.3rem;
  width: 3rem;
  height: 3rem;
  margin: 0.5rem;
  border-radius: 0.5rem;
  border: none;
  box-shadow: 5px 0px 9px 0px #26009B,-9px 0px 17px -3px #26009B;
}

.c4 {
  display: -webkit-box;
  display: -webkit-flex;
  display: -ms-flexbox;
  display: flex;
  -webkit-flex-direction: column;
  -ms-flex-direction: column;
  flex-direction: column;
  -webkit-align-items: center;
  -webkit-box-align: center;
  -ms-flex-align: center;
  align-items: center;
}

.c5 {
  background: #CCF8EA;
  color: #46006B;
  margin: 1rem 0;
  display: -webkit-box;
  display: -webkit-flex;
  display: -ms-flexbox;
  display: flex;
  -webkit-box-pack: center;
  -webkit-justify-content: center;
  -ms-flex-pack: center;
  justify-content: center;
  -webkit-align-items: center;
  -webkit-box-align: center;
  -ms-flex-align: center;
  align-items: center;
  height: 10rem;
  border-radius: 0.5rem;
  box-shadow: 5px 0px 9px 0px #26009B,-9px 0px 17px -3px #26009B;
  min-width: 9rem;
  width: 47rem;
  font-size: 2rem;
}

.c7 {
  display: grid;
  grid-template-columns: 1fr 1fr 1fr;
  grid-template-rows: 1fr 1fr 1fr 1fr;
  width: -webkit-min-content;
  width: -moz-min-content;
  width: min-content;
}

.c1 {
  display: inline-block;
  vertical-align: middle;
  overflow: hidden;
}

.c0 {
  display: -webkit-box;
  display: -webkit-flex;
  display: -ms-flexbox;
  display: flex;
}

.c2 {
  width: 3rem;
}

.c3 {
  padding: 1rem 17rem;
  width: 100wh;
  background: #EDEDED;
}

.c3 * {
  font-family: -apple-system,BlinkMacSystemFont,'Segoe UI',Roboto,Oxygen,Ubuntu,Cantarell,'Open Sans','Helvetica Neue',sans-serif;
}

<div>
  <header
    class="c0"
  >
    <svg
      aria-hidden="true"
      class="c1 c2"
      fill="currentColor"
      focusable="false"
      viewBox="0 0 24 24"
      xmlns="http://www.w3.org/2000/svg"
    >
      <path
        d="M12 22a10 10 0 1 0 0-20 10 10 0 0 0 0 20zm0-2V4a8 8 0 1 1 0 16z"
      />
    </svg>
  </header>
  <div
    class="c3"
  >
    <div
      class="c4"
    >
      <div
        class="c5"
      >
        <div
          aria-label="operation"
          class="c6"
        >
          <span
            class="katex"
          >
            <span
              aria-hidden="true"
              class="katex-html"
            >
              <span
                class="base"
              >
                <span
                  class="strut"
                  style="height:0.72777em;vertical-align:-0.08333em;"
                />
                <span
                  class="mord"
                >
                  10
                </span>
                <span
                  class="mspace"
                  style="margin-right:0.2222222222222222em;"
                />
                <span
                  class="mbin"
                >
                  +
                </span>
                <span
                  class="mspace"
                  style="margin-right:0.2222222222222222em;"
                />
              </span>
              <span
                class="base"
              >
                <span
                  class="strut"
                  style="height:0.64444em;vertical-align:0em;"
                />
                <span
                  class="mord"
                >
                  10
                </span>
                <span
                  class="mspace"
                  style="margin-right:0.2777777777777778em;"
                />
                <span
                  class="mrel"
                >
                  =
                </span>
                <span
                  class="mspace"
                  style="margin-right:0.2777777777777778em;"
                />
              </span>
              <span
                class="base"
              >
                <span
                  class="strut"
                  style="height:0.64444em;vertical-align:0em;"
                />
                <span
                  class="mord"
                >
                  20
                </span>
              </span>
            </span>
          </span>
        </div>
      </div>
      <div
        class="c7"
      >
        <button
          aria-label="7"
          class="c8"
          type="button"
        >
          <div
            class="c6"
          >
            <span
              class="katex"
            >
              <span
                aria-hidden="true"
                class="katex-html"
              >
                <span
                  class="base"
                >
                  <span
                    class="strut"
                    style="height:0.64444em;vertical-align:0em;"
                  />
                  <span
                    class="mord"
                  >
                    7
                  </span>
                </span>
              </span>
            </span>
          </div>
        </button>
        <button
          aria-label="8"
          class="c8"
          type="button"
        >
          <div
            class="c6"
          >
            <span
              class="katex"
            >
              <span
                aria-hidden="true"
                class="katex-html"
              >
                <span
                  class="base"
                >
                  <span
                    class="strut"
                    style="height:0.64444em;vertical-align:0em;"
                  />
                  <span
                    class="mord"
                  >
                    8
                  </span>
                </span>
              </span>
            </span>
          </div>
        </button>
        <button
          aria-label="9"
          class="c8"
          type="button"
        >
          <div
            class="c6"
          >
            <span
              class="katex"
            >
              <span
                aria-hidden="true"
                class="katex-html"
              >
                <span
                  class="base"
                >
                  <span
                    class="strut"
                    style="height:0.64444em;vertical-align:0em;"
                  />
                  <span
                    class="mord"
                  >
                    9
                  </span>
                </span>
              </span>
            </span>
          </div>
        </button>
        <button
          aria-label="4"
          class="c8"
          type="button"
        >
          <div
            class="c6"
          >
            <span
              class="katex"
            >
              <span
                aria-hidden="true"
                class="katex-html"
              >
                <span
                  class="base"
                >
                  <span
                    class="strut"
                    style="height:0.64444em;vertical-align:0em;"
                  />
                  <span
                    class="mord"
                  >
                    4
                  </span>
                </span>
              </span>
            </span>
          </div>
        </button>
        <button
          aria-label="5"
          class="c8"
          type="button"
        >
          <div
            class="c6"
          >
            <span
              class="katex"
            >
              <span
                aria-hidden="true"
                class="katex-html"
              >
                <span
                  class="base"
                >
                  <span
                    class="strut"
                    style="height:0.64444em;vertical-align:0em;"
                  />
                  <span
                    class="mord"
                  >
                    5
                  </span>
                </span>
              </span>
            </span>
          </div>
        </button>
        <button
          aria-label="6"
          class="c8"
          type="button"
        >
          <div
            class="c6"
          >
            <span
              class="katex"
            >
              <span
                aria-hidden="true"
                class="katex-html"
              >
                <span
                  class="base"
                >
                  <span
                    class="strut"
                    style="height:0.64444em;vertical-align:0em;"
                  />
                  <span
                    class="mord"
                  >
                    6
                  </span>
                </span>
              </span>
            </span>
          </div>
        </button>
        <button
          aria-label="1"
          class="c8"
          type="button"
        >
          <div
            class="c6"
          >
            <span
              class="katex"
            >
              <span
                aria-hidden="true"
                class="katex-html"
              >
                <span
                  class="base"
                >
                  <span
                    class="strut"
                    style="height:0.64444em;vertical-align:0em;"
                  />
                  <span
                    class="mord"
                  >
                    1
                  </span>
                </span>
              </span>
            </span>
          </div>
        </button>
        <button
          aria-label="2"
          class="c8"
          type="button"
        >
          <div
            class="c6"
          >
            <span
              class="katex"
            >
              <span
                aria-hidden="true"
                class="katex-html"
              >
                <span
                  class="base"
                >
                  <span
                    class="strut"
                    style="height:0.64444em;vertical-align:0em;"
                  />
                  <span
                    class="mord"
                  >
                    2
                  </span>
                </span>
              </span>
            </span>
          </div>
        </button>
        <button
          aria-label="3"
          class="c8"
          type="button"
        >
          <div
            class="c6"
          >
            <span
              class="katex"
            >
              <span
                aria-hidden="true"
                class="katex-html"
              >
                <span
                  class="base"
                >
                  <span
                    class="strut"
                    style="height:0.64444em;vertical-align:0em;"
                  />
                  <span
                    class="mord"
                  >
                    3
                  </span>
                </span>
              </span>
            </span>
          </div>
        </button>
        <button
          aria-label="0"
          class="c8"
          type="button"
        >
          <div
            class="c6"
          >
            <span
              class="katex"
            >
              <span
                aria-hidden="true"
                class="katex-html"
              >
                <span
                  class="base"
                >
                  <span
                    class="strut"
                    style="height:0.64444em;vertical-align:0em;"
                  />
                  <span
                    class="mord"
                  >
                    0
                  </span>
                </span>
              </span>
            </span>
          </div>
        </button>
        <button
          aria-label=","
          class="c8"
          type="button"
        >
          <div
            class="c6"
          >
            <span
              class="katex"
            >
              <span
                aria-hidden="true"
                class="katex-html"
              >
                <span
                  class="base"
                >
                  <span
                    class="strut"
                    style="height:0.3em;vertical-align:-0.19444em;"
                  />
                  <span
                    class="mpunct"
                  >
                    ,
                  </span>
                </span>
              </span>
            </span>
          </div>
        </button>
        <button
          aria-label="c"
          class="c8"
          type="button"
        >
          <div
            class="c6"
          >
            <span
              class="katex"
            >
              <span
                aria-hidden="true"
                class="katex-html"
              >
                <span
                  class="base"
                >
                  <span
                    class="strut"
                    style="height:0.68333em;vertical-align:0em;"
                  />
                  <span
                    class="mord mathnormal"
                    style="margin-right:0.07153em;"
                  >
                    C
                  </span>
                </span>
              </span>
            </span>
          </div>
        </button>
      </div>
    </div>
  </div>
</div>
`;
