// Jest Snapshot v1, https://goo.gl/fbAQLP

exports[`<Answer /> should to render 1`] = `
<div>
  <div
    class="answer__Container-iybhpq-1"
  >
    <div
      aria-label="operation"
      class="latex__Container-sc-1gi2td7-0 drmSQN"
    >
      <span
        class="katex"
      >
        <span
          aria-hidden="true"
          class="katex-html"
        >
          <span
            class="base"
          >
            <span
              class="strut"
              style="height:0.72777em;vertical-align:-0.08333em;"
            />
            <span
              class="mord"
            >
              10
            </span>
            <span
              class="mspace"
              style="margin-right:0.2222222222222222em;"
            />
            <span
              class="mbin"
            >
              +
            </span>
            <span
              class="mspace"
              style="margin-right:0.2222222222222222em;"
            />
          </span>
          <span
            class="base"
          >
            <span
              class="strut"
              style="height:0.64444em;vertical-align:0em;"
            />
            <span
              class="mord"
            >
              10
            </span>
            <span
              class="mspace"
              style="margin-right:0.2777777777777778em;"
            />
            <span
              class="mrel"
            >
              =
            </span>
            <span
              class="mspace"
              style="margin-right:0.2777777777777778em;"
            />
          </span>
          <span
            class="base"
          >
            <span
              class="strut"
              style="height:0.64444em;vertical-align:0em;"
            />
            <span
              class="mord"
            >
              20
            </span>
          </span>
        </span>
      </span>
    </div>
    <div
      class="answer__Buttons-iybhpq-0 oQXPE"
    >
      <button
        aria-label="7"
        class="button__Btn-usgv6-0 jxsgGL"
        type="button"
      >
        <div
          class="latex__Container-sc-1gi2td7-0 drmSQN"
        >
          <span
            class="katex"
          >
            <span
              aria-hidden="true"
              class="katex-html"
            >
              <span
                class="base"
              >
                <span
                  class="strut"
                  style="height:0.64444em;vertical-align:0em;"
                />
                <span
                  class="mord"
                >
                  7
                </span>
              </span>
            </span>
          </span>
        </div>
      </button>
      <button
        aria-label="8"
        class="button__Btn-usgv6-0 jxsgGL"
        type="button"
      >
        <div
          class="latex__Container-sc-1gi2td7-0 drmSQN"
        >
          <span
            class="katex"
          >
            <span
              aria-hidden="true"
              class="katex-html"
            >
              <span
                class="base"
              >
                <span
                  class="strut"
                  style="height:0.64444em;vertical-align:0em;"
                />
                <span
                  class="mord"
                >
                  8
                </span>
              </span>
            </span>
          </span>
        </div>
      </button>
      <button
        aria-label="9"
        class="button__Btn-usgv6-0 jxsgGL"
        type="button"
      >
        <div
          class="latex__Container-sc-1gi2td7-0 drmSQN"
        >
          <span
            class="katex"
          >
            <span
              aria-hidden="true"
              class="katex-html"
            >
              <span
                class="base"
              >
                <span
                  class="strut"
                  style="height:0.64444em;vertical-align:0em;"
                />
                <span
                  class="mord"
                >
                  9
                </span>
              </span>
            </span>
          </span>
        </div>
      </button>
      <button
        aria-label="4"
        class="button__Btn-usgv6-0 jxsgGL"
        type="button"
      >
        <div
          class="latex__Container-sc-1gi2td7-0 drmSQN"
        >
          <span
            class="katex"
          >
            <span
              aria-hidden="true"
              class="katex-html"
            >
              <span
                class="base"
              >
                <span
                  class="strut"
                  style="height:0.64444em;vertical-align:0em;"
                />
                <span
                  class="mord"
                >
                  4
                </span>
              </span>
            </span>
          </span>
        </div>
      </button>
      <button
        aria-label="5"
        class="button__Btn-usgv6-0 jxsgGL"
        type="button"
      >
        <div
          class="latex__Container-sc-1gi2td7-0 drmSQN"
        >
          <span
            class="katex"
          >
            <span
              aria-hidden="true"
              class="katex-html"
            >
              <span
                class="base"
              >
                <span
                  class="strut"
                  style="height:0.64444em;vertical-align:0em;"
                />
                <span
                  class="mord"
                >
                  5
                </span>
              </span>
            </span>
          </span>
        </div>
      </button>
      <button
        aria-label="6"
        class="button__Btn-usgv6-0 jxsgGL"
        type="button"
      >
        <div
          class="latex__Container-sc-1gi2td7-0 drmSQN"
        >
          <span
            class="katex"
          >
            <span
              aria-hidden="true"
              class="katex-html"
            >
              <span
                class="base"
              >
                <span
                  class="strut"
                  style="height:0.64444em;vertical-align:0em;"
                />
                <span
                  class="mord"
                >
                  6
                </span>
              </span>
            </span>
          </span>
        </div>
      </button>
      <button
        aria-label="1"
        class="button__Btn-usgv6-0 jxsgGL"
        type="button"
      >
        <div
          class="latex__Container-sc-1gi2td7-0 drmSQN"
        >
          <span
            class="katex"
          >
            <span
              aria-hidden="true"
              class="katex-html"
            >
              <span
                class="base"
              >
                <span
                  class="strut"
                  style="height:0.64444em;vertical-align:0em;"
                />
                <span
                  class="mord"
                >
                  1
                </span>
              </span>
            </span>
          </span>
        </div>
      </button>
      <button
        aria-label="2"
        class="button__Btn-usgv6-0 jxsgGL"
        type="button"
      >
        <div
          class="latex__Container-sc-1gi2td7-0 drmSQN"
        >
          <span
            class="katex"
          >
            <span
              aria-hidden="true"
              class="katex-html"
            >
              <span
                class="base"
              >
                <span
                  class="strut"
                  style="height:0.64444em;vertical-align:0em;"
                />
                <span
                  class="mord"
                >
                  2
                </span>
              </span>
            </span>
          </span>
        </div>
      </button>
      <button
        aria-label="3"
        class="button__Btn-usgv6-0 jxsgGL"
        type="button"
      >
        <div
          class="latex__Container-sc-1gi2td7-0 drmSQN"
        >
          <span
            class="katex"
          >
            <span
              aria-hidden="true"
              class="katex-html"
            >
              <span
                class="base"
              >
                <span
                  class="strut"
                  style="height:0.64444em;vertical-align:0em;"
                />
                <span
                  class="mord"
                >
                  3
                </span>
              </span>
            </span>
          </span>
        </div>
      </button>
      <button
        aria-label="0"
        class="button__Btn-usgv6-0 jxsgGL"
        type="button"
      >
        <div
          class="latex__Container-sc-1gi2td7-0 drmSQN"
        >
          <span
            class="katex"
          >
            <span
              aria-hidden="true"
              class="katex-html"
            >
              <span
                class="base"
              >
                <span
                  class="strut"
                  style="height:0.64444em;vertical-align:0em;"
                />
                <span
                  class="mord"
                >
                  0
                </span>
              </span>
            </span>
          </span>
        </div>
      </button>
      <button
        aria-label=","
        class="button__Btn-usgv6-0 jxsgGL"
        type="button"
      >
        <div
          class="latex__Container-sc-1gi2td7-0 drmSQN"
        >
          <span
            class="katex"
          >
            <span
              aria-hidden="true"
              class="katex-html"
            >
              <span
                class="base"
              >
                <span
                  class="strut"
                  style="height:0.3em;vertical-align:-0.19444em;"
                />
                <span
                  class="mpunct"
                >
                  ,
                </span>
              </span>
            </span>
          </span>
        </div>
      </button>
      <button
        aria-label="c"
        class="button__Btn-usgv6-0 jxsgGL"
        type="button"
      >
        <div
          class="latex__Container-sc-1gi2td7-0 drmSQN"
        >
          <span
            class="katex"
          >
            <span
              aria-hidden="true"
              class="katex-html"
            >
              <span
                class="base"
              >
                <span
                  class="strut"
                  style="height:0.68333em;vertical-align:0em;"
                />
                <span
                  class="mord mathnormal"
                  style="margin-right:0.07153em;"
                >
                  C
                </span>
              </span>
            </span>
          </span>
        </div>
      </button>
    </div>
  </div>
</div>
`;
