// Jest Snapshot v1, https://goo.gl/fbAQLP

exports[`<Header /> should render 1`] = `
.c2 {
  display: inline-block;
  vertical-align: middle;
  overflow: hidden;
}

.c1 {
  display: -webkit-box;
  display: -webkit-flex;
  display: -ms-flexbox;
  display: flex;
}

.c3 {
  width: 3rem;
  grid-area: header;
}

.c4 {
  grid-area: body;
  padding: 1rem 17rem;
  background: #EDEDED;
  overflow: auto;
}

.c0 {
  display: grid;
  grid-template-columns: 1fr;
  grid-template-rows: 5.3rem 1.8fr;
  gap: 0px 0px;
  grid-template-areas: 'header' 'body';
}

<div>
  <main
    class="c0"
  >
    <header
      class="c1"
    >
      <svg
        aria-hidden="false"
        aria-label="dark mode"
        class="c2 c3"
        fill="currentColor"
        focusable="false"
        role="button"
        type="button"
        viewBox="0 0 24 24"
        xmlns="http://www.w3.org/2000/svg"
      >
        <path
          d="M12 22a10 10 0 1 0 0-20 10 10 0 0 0 0 20zm0-2V4a8 8 0 1 1 0 16z"
        />
      </svg>
    </header>
    <div
      class="c4"
    >
      <header
        class="c1"
      >
        <svg
          aria-hidden="false"
          aria-label="dark mode"
          class="c2 c3"
          fill="currentColor"
          focusable="false"
          role="button"
          type="button"
          viewBox="0 0 24 24"
          xmlns="http://www.w3.org/2000/svg"
        >
          <path
            d="M12 22a10 10 0 1 0 0-20 10 10 0 0 0 0 20zm0-2V4a8 8 0 1 1 0 16z"
          />
        </svg>
      </header>
    </div>
  </main>
</div>
`;
